[-1781904829217328384.000s] DEBUG:colcon:Command line arguments: ['/usr/bin/colcon', 'build', '--packages-select', 'project_pkg']
[-1781904829217328384.000s] DEBUG:colcon:Parsed command line arguments: Namespace(log_base=None, log_level=None, verb_name='build', build_base='build', install_base='install', merge_install=False, symlink_install=False, test_result_base=None, continue_on_error=False, executor='parallel', parallel_workers=24, event_handlers=None, ignore_user_meta=False, metas=['./colcon.meta'], base_paths=['.'], packages_ignore=None, packages_ignore_regex=None, paths=None, packages_up_to=None, packages_up_to_regex=None, packages_above=None, packages_above_and_dependencies=None, packages_above_depth=None, packages_select_by_dep=None, packages_skip_by_dep=None, packages_skip_up_to=None, packages_select_build_failed=False, packages_skip_build_finished=False, packages_select_test_failures=False, packages_skip_test_passed=False, packages_select=['project_pkg'], packages_skip=None, packages_select_regex=None, packages_skip_regex=None, packages_start=None, packages_end=None, cmake_args=None, cmake_target=None, cmake_target_skip_unavailable=False, cmake_clean_cache=False, cmake_clean_first=False, cmake_force_configure=False, ament_cmake_args=None, catkin_cmake_args=None, catkin_skip_building_tests=False, verb_parser=<colcon_defaults.argument_parser.defaults.DefaultArgumentsDecorator object at 0x7e3292d05950>, verb_extension=<colcon_core.verb.build.BuildVerb object at 0x7e3292d20ec0>, main=<bound method BuildVerb.main of <colcon_core.verb.build.BuildVerb object at 0x7e3292d20ec0>>)
[-1781904829217328384.000s] Level 1:colcon.colcon_core.package_discovery:discover_packages(colcon_meta) check parameters
[-1781904829217328384.000s] Level 1:colcon.colcon_core.package_discovery:discover_packages(recursive) check parameters
[-1781904829217328384.000s] Level 1:colcon.colcon_core.package_discovery:discover_packages(ignore) check parameters
[-1781904829217328384.000s] Level 1:colcon.colcon_core.package_discovery:discover_packages(path) check parameters
[-1781904829217328384.000s] Level 1:colcon.colcon_core.package_discovery:discover_packages(colcon_meta) discover
[-1781904829217328384.000s] Level 1:colcon.colcon_core.package_discovery:discover_packages(recursive) discover
[-1781904829217328384.000s] INFO:colcon.colcon_core.package_discovery:Crawling recursively for packages in '/home/sam/Documents/VSCode/ME 640/Project/project_ws'
[-1781904829217328384.000s] Level 1:colcon.colcon_core.package_identification:_identify(.) by extensions ['ignore', 'ignore_ament_install']
[-1781904829217328384.000s] Level 1:colcon.colcon_core.package_identification:_identify(.) by extension 'ignore'
[-1781904829217328384.000s] Level 1:colcon.colcon_core.package_identification:_identify(.) by extension 'ignore_ament_install'
[-1781904829217328384.000s] Level 1:colcon.colcon_core.package_identification:_identify(.) by extensions ['colcon_pkg']
[-1781904829217328384.000s] Level 1:colcon.colcon_core.package_identification:_identify(.) by extension 'colcon_pkg'
[-1781904829217328384.000s] Level 1:colcon.colcon_core.package_identification:_identify(.) by extensions ['colcon_meta']
[-1781904829217328384.000s] Level 1:colcon.colcon_core.package_identification:_identify(.) by extension 'colcon_meta'
[-1781904829217328384.000s] Level 1:colcon.colcon_core.package_identification:_identify(.) by extensions ['ros']
[-1781904829217328384.000s] Level 1:colcon.colcon_core.package_identification:_identify(.) by extension 'ros'
[-1781904829217328384.000s] Level 1:colcon.colcon_core.package_identification:_identify(.) by extensions ['cmake', 'python']
[-1781904829217328384.000s] Level 1:colcon.colcon_core.package_identification:_identify(.) by extension 'cmake'
[-1781904829217328384.000s] Level 1:colcon.colcon_core.package_identification:_identify(.) by extension 'python'
[-1781904829217328384.000s] Level 1:colcon.colcon_core.package_identification:_identify(.) by extensions ['python_setup_py']
[-1781904829217328384.000s] Level 1:colcon.colcon_core.package_identification:_identify(.) by extension 'python_setup_py'
[-1781904829217328384.000s] Level 1:colcon.colcon_core.package_identification:_identify(build) by extensions ['ignore', 'ignore_ament_install']
[-1781904829217328384.000s] Level 1:colcon.colcon_core.package_identification:_identify(build) by extension 'ignore'
[-1781904829217328384.000s] Level 1:colcon.colcon_core.package_identification:_identify(build) ignored
[-1781904829217328384.000s] Level 1:colcon.colcon_core.package_identification:_identify(install) by extensions ['ignore', 'ignore_ament_install']
[-1781904829217328384.000s] Level 1:colcon.colcon_core.package_identification:_identify(install) by extension 'ignore'
[-1781904829217328384.000s] Level 1:colcon.colcon_core.package_identification:_identify(install) ignored
[-1781904829217328384.000s] Level 1:colcon.colcon_core.package_identification:_identify(log) by extensions ['ignore', 'ignore_ament_install']
[-1781904829217328384.000s] Level 1:colcon.colcon_core.package_identification:_identify(log) by extension 'ignore'
[-1781904829217328384.000s] Level 1:colcon.colcon_core.package_identification:_identify(log) ignored
[-1781904829217328384.000s] Level 1:colcon.colcon_core.package_identification:_identify(src) by extensions ['ignore', 'ignore_ament_install']
[-1781904829217328384.000s] Level 1:colcon.colcon_core.package_identification:_identify(src) by extension 'ignore'
[-1781904829217328384.000s] Level 1:colcon.colcon_core.package_identification:_identify(src) by extension 'ignore_ament_install'
[-1781904829217328384.000s] Level 1:colcon.colcon_core.package_identification:_identify(src) by extensions ['colcon_pkg']
[-1781904829217328384.000s] Level 1:colcon.colcon_core.package_identification:_identify(src) by extension 'colcon_pkg'
[-1781904829217328384.000s] Level 1:colcon.colcon_core.package_identification:_identify(src) by extensions ['colcon_meta']
[-1781904829217328384.000s] Level 1:colcon.colcon_core.package_identification:_identify(src) by extension 'colcon_meta'
[-1781904829217328384.000s] Level 1:colcon.colcon_core.package_identification:_identify(src) by extensions ['ros']
[-1781904829217328384.000s] Level 1:colcon.colcon_core.package_identification:_identify(src) by extension 'ros'
[-1781904829217328384.000s] Level 1:colcon.colcon_core.package_identification:_identify(src) by extensions ['cmake', 'python']
[-1781904829217328384.000s] Level 1:colcon.colcon_core.package_identification:_identify(src) by extension 'cmake'
[-1781904829217328384.000s] Level 1:colcon.colcon_core.package_identification:_identify(src) by extension 'python'
[-1781904829217328384.000s] Level 1:colcon.colcon_core.package_identification:_identify(src) by extensions ['python_setup_py']
[-1781904829217328384.000s] Level 1:colcon.colcon_core.package_identification:_identify(src) by extension 'python_setup_py'
[-1781904829217328384.000s] Level 1:colcon.colcon_core.package_identification:_identify(src/project_pkg) by extensions ['ignore', 'ignore_ament_install']
[-1781904829217328384.000s] Level 1:colcon.colcon_core.package_identification:_identify(src/project_pkg) by extension 'ignore'
[-1781904829217328384.000s] Level 1:colcon.colcon_core.package_identification:_identify(src/project_pkg) by extension 'ignore_ament_install'
[-1781904829217328384.000s] Level 1:colcon.colcon_core.package_identification:_identify(src/project_pkg) by extensions ['colcon_pkg']
[-1781904829217328384.000s] Level 1:colcon.colcon_core.package_identification:_identify(src/project_pkg) by extension 'colcon_pkg'
[-1781904829217328384.000s] Level 1:colcon.colcon_core.package_identification:_identify(src/project_pkg) by extensions ['colcon_meta']
[-1781904829217328384.000s] Level 1:colcon.colcon_core.package_identification:_identify(src/project_pkg) by extension 'colcon_meta'
[-1781904829217328384.000s] Level 1:colcon.colcon_core.package_identification:_identify(src/project_pkg) by extensions ['ros']
[-1781904829217328384.000s] Level 1:colcon.colcon_core.package_identification:_identify(src/project_pkg) by extension 'ros'
[-1781904829217328384.000s] DEBUG:colcon.colcon_core.package_identification:Package 'src/project_pkg' with type 'ros.ament_python' and name 'project_pkg'
[-1781904829217328384.000s] Level 1:colcon.colcon_core.package_discovery:discover_packages(recursive) using defaults
[-1781904829217328384.000s] Level 1:colcon.colcon_core.package_discovery:discover_packages(ignore) discover
[-1781904829217328384.000s] Level 1:colcon.colcon_core.package_discovery:discover_packages(ignore) using defaults
[-1781904829217328384.000s] Level 1:colcon.colcon_core.package_discovery:discover_packages(path) discover
[-1781904829217328384.000s] Level 1:colcon.colcon_core.package_discovery:discover_packages(path) using defaults
[-1781904829217328384.000s] Level 5:colcon.colcon_core.verb:set package 'project_pkg' build argument 'cmake_args' from command line to 'None'
[-1781904829217328384.000s] Level 5:colcon.colcon_core.verb:set package 'project_pkg' build argument 'cmake_target' from command line to 'None'
[-1781904829217328384.000s] Level 5:colcon.colcon_core.verb:set package 'project_pkg' build argument 'cmake_target_skip_unavailable' from command line to 'False'
[-1781904829217328384.000s] Level 5:colcon.colcon_core.verb:set package 'project_pkg' build argument 'cmake_clean_cache' from command line to 'False'
[-1781904829217328384.000s] Level 5:colcon.colcon_core.verb:set package 'project_pkg' build argument 'cmake_clean_first' from command line to 'False'
[-1781904829217328384.000s] Level 5:colcon.colcon_core.verb:set package 'project_pkg' build argument 'cmake_force_configure' from command line to 'False'
[-1781904829217328384.000s] Level 5:colcon.colcon_core.verb:set package 'project_pkg' build argument 'ament_cmake_args' from command line to 'None'
[-1781904829217328384.000s] Level 5:colcon.colcon_core.verb:set package 'project_pkg' build argument 'catkin_cmake_args' from command line to 'None'
[-1781904829217328384.000s] Level 5:colcon.colcon_core.verb:set package 'project_pkg' build argument 'catkin_skip_building_tests' from command line to 'False'
[-1781904829217328384.000s] DEBUG:colcon.colcon_core.verb:Building package 'project_pkg' with the following arguments: {'ament_cmake_args': None, 'build_base': '/home/sam/Documents/VSCode/ME 640/Project/project_ws/build/project_pkg', 'catkin_cmake_args': None, 'catkin_skip_building_tests': False, 'cmake_args': None, 'cmake_clean_cache': False, 'cmake_clean_first': False, 'cmake_force_configure': False, 'cmake_target': None, 'cmake_target_skip_unavailable': False, 'install_base': '/home/sam/Documents/VSCode/ME 640/Project/project_ws/install/project_pkg', 'merge_install': False, 'path': '/home/sam/Documents/VSCode/ME 640/Project/project_ws/src/project_pkg', 'symlink_install': False, 'test_result_base': None}
[-1781904829217328384.000s] INFO:colcon.colcon_core.executor:Executing jobs using 'parallel' executor
[-1781904829217328384.000s] DEBUG:colcon.colcon_parallel_executor.executor.parallel:run_until_complete
[-1781904829217328384.000s] INFO:colcon.colcon_ros.task.ament_python.build:Building ROS package in '/home/sam/Documents/VSCode/ME 640/Project/project_ws/src/project_pkg' with build type 'ament_python'
[-1781904829217328384.000s] Level 1:colcon.colcon_core.shell:create_environment_hook('project_pkg', 'ament_prefix_path')
[-1781904829217328384.000s] INFO:colcon.colcon_core.plugin_system:Skipping extension 'colcon_core.shell.bat': Not used on non-Windows systems
[-1781904829217328384.000s] INFO:colcon.colcon_core.shell:Creating environment descriptor '/home/sam/Documents/VSCode/ME 640/Project/project_ws/install/project_pkg/share/project_pkg/hook/ament_prefix_path.dsv'
[-1781904829217328384.000s] INFO:colcon.colcon_core.shell:Creating environment hook '/home/sam/Documents/VSCode/ME 640/Project/project_ws/install/project_pkg/share/project_pkg/hook/ament_prefix_path.sh'
[-1781904829217328384.000s] DEBUG:colcon.colcon_core.shell:Skip shell extension 'dsv' for command environment
[-1781904829217328384.000s] INFO:colcon.colcon_core.task.python.build:Building Python package in '/home/sam/Documents/VSCode/ME 640/Project/project_ws/src/project_pkg'
[-1781904829217328384.000s] DEBUG:colcon.colcon_core.shell:Skip shell extension 'dsv' for command environment
[-1781904829217328384.000s] DEBUG:colcon.colcon_core.event_handler.log_command:Invoking command in '/home/sam/Documents/VSCode/ME 640/Project/project_ws/src/project_pkg': DEBUGINFOD_URLS=https://debuginfod.ubuntu.com PYTHONPATH=/home/sam/Documents/VSCode/ME 640/Project/project_ws/build/project_pkg/prefix_override:/usr/lib/python3/dist-packages/colcon_core/task/python/colcon_distutils_commands:/home/sam/Documents/VSCode/ME 640/Project/project_ws/install/project_pkg/lib/python3.14/site-packages:${PYTHONPATH} /usr/bin/python3 -W ignore:setup.py install is deprecated -W ignore:easy_install command is deprecated setup.py egg_info --egg-base ../../build/project_pkg build --build-base /home/sam/Documents/VSCode/ME 640/Project/project_ws/build/project_pkg/build install --record /home/sam/Documents/VSCode/ME 640/Project/project_ws/build/project_pkg/install.log --single-version-externally-managed install_data
[-1781904829217328384.000s] DEBUG:colcon.colcon_core.event_handler.log_command:Invoked command in '/home/sam/Documents/VSCode/ME 640/Project/project_ws/src/project_pkg' returned '0': DEBUGINFOD_URLS=https://debuginfod.ubuntu.com PYTHONPATH=/home/sam/Documents/VSCode/ME 640/Project/project_ws/build/project_pkg/prefix_override:/usr/lib/python3/dist-packages/colcon_core/task/python/colcon_distutils_commands:/home/sam/Documents/VSCode/ME 640/Project/project_ws/install/project_pkg/lib/python3.14/site-packages:${PYTHONPATH} /usr/bin/python3 -W ignore:setup.py install is deprecated -W ignore:easy_install command is deprecated setup.py egg_info --egg-base ../../build/project_pkg build --build-base /home/sam/Documents/VSCode/ME 640/Project/project_ws/build/project_pkg/build install --record /home/sam/Documents/VSCode/ME 640/Project/project_ws/build/project_pkg/install.log --single-version-externally-managed install_data
[-1781904829217328384.000s] Level 1:colcon.colcon_core.environment:checking '/home/sam/Documents/VSCode/ME 640/Project/project_ws/install/project_pkg' for CMake module files
[-1781904829217328384.000s] Level 1:colcon.colcon_core.environment:checking '/home/sam/Documents/VSCode/ME 640/Project/project_ws/install/project_pkg' for CMake config files
[-1781904829217328384.000s] Level 1:colcon.colcon_core.environment:checking '/home/sam/Documents/VSCode/ME 640/Project/project_ws/install/project_pkg/lib'
[-1781904829217328384.000s] Level 1:colcon.colcon_core.environment:checking '/home/sam/Documents/VSCode/ME 640/Project/project_ws/install/project_pkg/bin'
[-1781904829217328384.000s] Level 1:colcon.colcon_core.environment:checking '/home/sam/Documents/VSCode/ME 640/Project/project_ws/install/project_pkg/lib/pkgconfig/project_pkg.pc'
[-1781904829217328384.000s] Level 1:colcon.colcon_core.environment:checking '/home/sam/Documents/VSCode/ME 640/Project/project_ws/install/project_pkg/lib/python3.14/site-packages'
[-1781904829217328384.000s] Level 1:colcon.colcon_core.shell:create_environment_hook('project_pkg', 'pythonpath')
[-1781904829217328384.000s] INFO:colcon.colcon_core.shell:Creating environment descriptor '/home/sam/Documents/VSCode/ME 640/Project/project_ws/install/project_pkg/share/project_pkg/hook/pythonpath.dsv'
[-1781904829217328384.000s] INFO:colcon.colcon_core.shell:Creating environment hook '/home/sam/Documents/VSCode/ME 640/Project/project_ws/install/project_pkg/share/project_pkg/hook/pythonpath.sh'
[-1781904829217328384.000s] Level 1:colcon.colcon_core.environment:checking '/home/sam/Documents/VSCode/ME 640/Project/project_ws/install/project_pkg/bin'
[-1781904829217328384.000s] Level 1:colcon.colcon_core.environment:create_environment_scripts_only(project_pkg)
[-1781904829217328384.000s] INFO:colcon.colcon_core.shell:Creating package descriptor '/home/sam/Documents/VSCode/ME 640/Project/project_ws/install/project_pkg/share/project_pkg/package.dsv'
[-1781904829217328384.000s] INFO:colcon.colcon_core.shell:Creating package script '/home/sam/Documents/VSCode/ME 640/Project/project_ws/install/project_pkg/share/project_pkg/package.sh'
[-1781904829217328384.000s] INFO:colcon.colcon_core.shell:Creating package script '/home/sam/Documents/VSCode/ME 640/Project/project_ws/install/project_pkg/share/project_pkg/package.bash'
[-1781904829217328384.000s] INFO:colcon.colcon_core.shell:Creating package script '/home/sam/Documents/VSCode/ME 640/Project/project_ws/install/project_pkg/share/project_pkg/package.zsh'
[-1781904829217328384.000s] Level 1:colcon.colcon_core.environment:create_file_with_runtime_dependencies(/home/sam/Documents/VSCode/ME 640/Project/project_ws/install/project_pkg/share/colcon-core/packages/project_pkg)
[-1781904829217328384.000s] DEBUG:colcon.colcon_parallel_executor.executor.parallel:closing loop
[-1781904829217328384.000s] DEBUG:colcon.colcon_parallel_executor.executor.parallel:loop closed
[-1781904829217328384.000s] DEBUG:colcon.colcon_parallel_executor.executor.parallel:run_until_complete finished with '0'
[-1781904829217328384.000s] DEBUG:colcon.colcon_core.event_reactor:joining thread
[-1781904829217328384.000s] INFO:colcon.colcon_core.plugin_system:Skipping extension 'colcon_notification.desktop_notification.terminal_notifier': Not used on non-Darwin systems
[-1781904829217328384.000s] INFO:colcon.colcon_core.plugin_system:Skipping extension 'colcon_notification.desktop_notification.win32': Not used on non-Windows systems
[-1781904829217328384.000s] INFO:colcon.colcon_notification.desktop_notification:Sending desktop notification using 'notify2'
[-1781904829217328384.000s] DEBUG:colcon.colcon_core.event_reactor:joined thread
[-1781904829217328384.000s] INFO:colcon.colcon_core.shell:Creating prefix script '/home/sam/Documents/VSCode/ME 640/Project/project_ws/install/local_setup.sh'
[-1781904829217328384.000s] INFO:colcon.colcon_core.shell:Creating prefix util module '/home/sam/Documents/VSCode/ME 640/Project/project_ws/install/_local_setup_util_sh.py'
[-1781904829217328384.000s] INFO:colcon.colcon_core.shell:Creating prefix chain script '/home/sam/Documents/VSCode/ME 640/Project/project_ws/install/setup.sh'
[-1781904829217328384.000s] INFO:colcon.colcon_core.shell:Creating prefix script '/home/sam/Documents/VSCode/ME 640/Project/project_ws/install/local_setup.bash'
[-1781904829217328384.000s] INFO:colcon.colcon_core.shell:Creating prefix chain script '/home/sam/Documents/VSCode/ME 640/Project/project_ws/install/setup.bash'
[-1781904829217328384.000s] INFO:colcon.colcon_core.shell:Creating prefix script '/home/sam/Documents/VSCode/ME 640/Project/project_ws/install/local_setup.zsh'
[-1781904829217328384.000s] INFO:colcon.colcon_core.shell:Creating prefix chain script '/home/sam/Documents/VSCode/ME 640/Project/project_ws/install/setup.zsh'
