running egg_info
creating ../../build/project_pkg/project_pkg.egg-info
writing ../../build/project_pkg/project_pkg.egg-info/PKG-INFO
writing dependency_links to ../../build/project_pkg/project_pkg.egg-info/dependency_links.txt
writing requirements to ../../build/project_pkg/project_pkg.egg-info/requires.txt
writing top-level names to ../../build/project_pkg/project_pkg.egg-info/top_level.txt
writing manifest file '../../build/project_pkg/project_pkg.egg-info/SOURCES.txt'
reading manifest file '../../build/project_pkg/project_pkg.egg-info/SOURCES.txt'
writing manifest file '../../build/project_pkg/project_pkg.egg-info/SOURCES.txt'
running build
running build_py
creating /home/sam/Documents/VSCode/ME 640/Project/project_ws/build/project_pkg/build/lib/project_pkg
copying project_pkg/__init__.py -> /home/sam/Documents/VSCode/ME 640/Project/project_ws/build/project_pkg/build/lib/project_pkg
copying project_pkg/py.typed -> /home/sam/Documents/VSCode/ME 640/Project/project_ws/build/project_pkg/build/lib/project_pkg
running install
running install_lib
creating /home/sam/Documents/VSCode/ME 640/Project/project_ws/install/project_pkg/lib/python3.14/site-packages/project_pkg
copying /home/sam/Documents/VSCode/ME 640/Project/project_ws/build/project_pkg/build/lib/project_pkg/__init__.py -> /home/sam/Documents/VSCode/ME 640/Project/project_ws/install/project_pkg/lib/python3.14/site-packages/project_pkg
copying /home/sam/Documents/VSCode/ME 640/Project/project_ws/build/project_pkg/build/lib/project_pkg/py.typed -> /home/sam/Documents/VSCode/ME 640/Project/project_ws/install/project_pkg/lib/python3.14/site-packages/project_pkg
byte-compiling /home/sam/Documents/VSCode/ME 640/Project/project_ws/install/project_pkg/lib/python3.14/site-packages/project_pkg/__init__.py to __init__.cpython-314.pyc
running install_data
creating /home/sam/Documents/VSCode/ME 640/Project/project_ws/install/project_pkg/share/ament_index/resource_index/packages
copying resource/project_pkg -> /home/sam/Documents/VSCode/ME 640/Project/project_ws/install/project_pkg/share/ament_index/resource_index/packages
copying package.xml -> /home/sam/Documents/VSCode/ME 640/Project/project_ws/install/project_pkg/share/project_pkg
running install_egg_info
Copying ../../build/project_pkg/project_pkg.egg-info to /home/sam/Documents/VSCode/ME 640/Project/project_ws/install/project_pkg/lib/python3.14/site-packages/project_pkg-0.0.0-py3.14.egg-info
running install_scripts
writing list of installed files to '/home/sam/Documents/VSCode/ME 640/Project/project_ws/build/project_pkg/install.log'
